[INFO] Scanning for projects...
[INFO] 
[INFO] ---------------------< com.revature:user-service >----------------------
[INFO] Building user-service 1.0.0-SNAPSHOT
[INFO]   from pom.xml
[INFO] --------------------------------[ jar ]---------------------------------
[INFO] 
[INFO] --- resources:3.3.1:resources (default-resources) @ user-service ---
[WARNING] Using platform encoding (UTF-8 actually) to copy filtered resources, i.e. build is platform dependent!
[INFO] Copying 1 resource from src\main\resources to target\classes
[INFO] 
[INFO] --- compiler:3.13.0:compile (default-compile) @ user-service ---
[INFO] Nothing to compile - all classes are up to date.
[INFO] 
[INFO] --- resources:3.3.1:testResources (default-testResources) @ user-service ---
[WARNING] Using platform encoding (UTF-8 actually) to copy filtered resources, i.e. build is platform dependent!
[INFO] skip non existing resourceDirectory C:\Users\DELL\Downloads\RevPassword_Manager-Microservices\microservices\user-service\src\test\resources
[INFO] 
[INFO] --- compiler:3.13.0:testCompile (default-testCompile) @ user-service ---
[INFO] Recompiling the module because of changed source code.
[WARNING] File encoding has not been set, using platform encoding UTF-8, i.e. build is platform dependent!
[INFO] Compiling 2 source files with javac [debug target 17] to target\test-classes
[INFO] Annotation processing is enabled because one or more processors were found
  on the class path. A future release of javac may disable annotation processing
  unless at least one processor is specified by name (-processor), or a search
  path is specified (--processor-path, --processor-module-path), or annotation
  processing is enabled explicitly (-proc:only, -proc:full).
  Use -Xlint:-options to suppress this message.
  Use -proc:none to disable annotation processing.
[INFO] -------------------------------------------------------------
[WARNING] COMPILATION WARNING : 
[INFO] -------------------------------------------------------------
[WARNING] system modules path not set in conjunction with -source 17
[INFO] 1 warning
[INFO] -------------------------------------------------------------
[INFO] -------------------------------------------------------------
[ERROR] COMPILATION ERROR : 
[INFO] -------------------------------------------------------------
[ERROR] /C:/Users/DELL/Downloads/RevPassword_Manager-Microservices/microservices/user-service/src/test/java/com/revature/user/controllers/UserControllerTest.java:[27,13] cannot find symbol
  symbol:   class UserRepository
  location: class com.revature.user.controllers.UserControllerTest
[ERROR] /C:/Users/DELL/Downloads/RevPassword_Manager-Microservices/microservices/user-service/src/test/java/com/revature/user/controllers/UserControllerTest.java:[31,13] cannot find symbol
  symbol:   class SecurityQuestionService
  location: class com.revature.user.controllers.UserControllerTest
[ERROR] /C:/Users/DELL/Downloads/RevPassword_Manager-Microservices/microservices/user-service/src/test/java/com/revature/user/controllers/UserControllerTest.java:[33,13] cannot find symbol
  symbol:   class TwoFactorService
  location: class com.revature.user.controllers.UserControllerTest
[ERROR] /C:/Users/DELL/Downloads/RevPassword_Manager-Microservices/microservices/user-service/src/test/java/com/revature/user/controllers/UserControllerTest.java:[35,13] cannot find symbol
  symbol:   class ForgotPasswordService
  location: class com.revature.user.controllers.UserControllerTest
[ERROR] /C:/Users/DELL/Downloads/RevPassword_Manager-Microservices/microservices/user-service/src/test/java/com/revature/user/controllers/UserControllerTest.java:[37,13] cannot find symbol
  symbol:   class OtpService
  location: class com.revature.user.controllers.UserControllerTest
[ERROR] /C:/Users/DELL/Downloads/RevPassword_Manager-Microservices/microservices/user-service/src/test/java/com/revature/user/controllers/UserControllerTest.java:[39,13] cannot find symbol
  symbol:   class JwtUtil
  location: class com.revature.user.controllers.UserControllerTest
[INFO] 6 errors 
[INFO] -------------------------------------------------------------
[INFO] ------------------------------------------------------------------------
[INFO] BUILD FAILURE
[INFO] ------------------------------------------------------------------------
[INFO] Total time:  6.241 s
[INFO] Finished at: 2026-03-16T14:36:20+05:30
[INFO] ------------------------------------------------------------------------
[ERROR] Failed to execute goal org.apache.maven.plugins:maven-compiler-plugin:3.13.0:testCompile (default-testCompile) on project user-service: Compilation failure: Compilation failure: 
[ERROR] /C:/Users/DELL/Downloads/RevPassword_Manager-Microservices/microservices/user-service/src/test/java/com/revature/user/controllers/UserControllerTest.java:[27,13] cannot find symbol
[ERROR]   symbol:   class UserRepository
[ERROR]   location: class com.revature.user.controllers.UserControllerTest
[ERROR] /C:/Users/DELL/Downloads/RevPassword_Manager-Microservices/microservices/user-service/src/test/java/com/revature/user/controllers/UserControllerTest.java:[31,13] cannot find symbol
[ERROR]   symbol:   class SecurityQuestionService
[ERROR]   location: class com.revature.user.controllers.UserControllerTest
[ERROR] /C:/Users/DELL/Downloads/RevPassword_Manager-Microservices/microservices/user-service/src/test/java/com/revature/user/controllers/UserControllerTest.java:[33,13] cannot find symbol
[ERROR]   symbol:   class TwoFactorService
[ERROR]   location: class com.revature.user.controllers.UserControllerTest
[ERROR] /C:/Users/DELL/Downloads/RevPassword_Manager-Microservices/microservices/user-service/src/test/java/com/revature/user/controllers/UserControllerTest.java:[35,13] cannot find symbol
[ERROR]   symbol:   class ForgotPasswordService
[ERROR]   location: class com.revature.user.controllers.UserControllerTest
[ERROR] /C:/Users/DELL/Downloads/RevPassword_Manager-Microservices/microservices/user-service/src/test/java/com/revature/user/controllers/UserControllerTest.java:[37,13] cannot find symbol
[ERROR]   symbol:   class OtpService
[ERROR]   location: class com.revature.user.controllers.UserControllerTest
[ERROR] /C:/Users/DELL/Downloads/RevPassword_Manager-Microservices/microservices/user-service/src/test/java/com/revature/user/controllers/UserControllerTest.java:[39,13] cannot find symbol
[ERROR]   symbol:   class JwtUtil
[ERROR]   location: class com.revature.user.controllers.UserControllerTest
[ERROR] -> [Help 1]
[ERROR] 
[ERROR] To see the full stack trace of the errors, re-run Maven with the -e switch.
[ERROR] Re-run Maven using the -X switch to enable full debug logging.
[ERROR] 
[ERROR] For more information about the errors and possible solutions, please read the following articles:
[ERROR] [Help 1] http://cwiki.apache.org/confluence/display/MAVEN/MojoFailureException
